#-----------------------------------------------------------
# Vivado v2025.2 (64-bit)
# SW Build 6299465 on Fri Nov 14 19:35:11 GMT 2025
# IP Build 6300035 on Fri Nov 14 10:48:45 MST 2025
# SharedData Build 6298862 on Thu Nov 13 04:50:51 MST 2025
# Start of session at: Wed May 27 18:15:13 2026
# Process ID         : 33440
# Current directory  : c:/Users/zhben/RISC-V_CPU_Project/mig_7series_0_ex/mig_7series_0_ex.runs/mig_7series_0_synth_1
# Command line       : vivado.exe -log mig_7series_0.vds -product Vivado -mode batch -messageDb vivado.pb -notrace -source mig_7series_0.tcl
# Log file           : c:/Users/zhben/RISC-V_CPU_Project/mig_7series_0_ex/mig_7series_0_ex.runs/mig_7series_0_synth_1/mig_7series_0.vds
# Journal file       : c:/Users/zhben/RISC-V_CPU_Project/mig_7series_0_ex/mig_7series_0_ex.runs/mig_7series_0_synth_1\vivado.jou
# Running On         : DESKTOP-RCMS6DA
# Platform           : Windows Server 2016 or Windows 10
# Operating System   : 26200
# Processor Detail   : AMD Ryzen AI 9 HX 370 w/ Radeon 890M           
# CPU Frequency      : 1996 MHz
# CPU Physical cores : 12
# CPU Logical cores  : 24
# Host memory        : 33413 MB
# Swap memory        : 2147 MB
# Total Virtual      : 35561 MB
# Available Virtual  : 4047 MB
#-----------------------------------------------------------
source mig_7series_0.tcl -notrace
